batch 0 rows 14281
batch 300 rows 9425
batch 600 rows 12230
batch 900 rows 7921
batch 1200 rows 6668
batch 1500 rows 7471
batch 1800 rows 5808
batch 2100 rows 5302
batch 2400 rows 3894
batch 2700 rows 7075
batch 3000 rows 4356
batch 3300 rows 3260
batch 3600 rows 3209
batch 3900 rows 3237
batch 4200 rows 3758
batch 4500 rows 3179
batch 4800 rows 3685
batch 5100 rows 7245
batch 5400 rows 6373
batch 5700 rows 3360
batch 6000 rows 3392
batch 6300 rows 2808
batch 6600 rows 2589
batch 6900 rows 2602
batch 7200 rows 3128
batch 7500 rows 2739
batch 7800 rows 1792
batch 8100 rows 1818
batch 8400 rows 2001
batch 8700 rows 2853
batch 9000 rows 2339
batch 9300 rows 2559
batch 9600 rows 2480
batch 9900 rows 1837
batch 10200 rows 2070
batch 10500 rows 1850
batch 10800 rows 2587
batch 11100 rows 2114
batch 11400 rows 2418
batch 11700 rows 2391
batch 12000 rows 1593
batch 12300 rows 2245
batch 12600 rows 8137
batch 12900 rows 4912
batch 13200 rows 3955
batch 13500 rows 1605
batch 13800 rows 3629
batch 14100 rows 3090
batch 14400 rows 1636
batch 14700 rows 10022
batch 15000 rows 7402
batch 15300 rows 2706
batch 15600 rows 2300
batch 15900 rows 8632
batch 16200 rows 2187
batch 16500 rows 29488
batch 16800 rows 8771
batch 17100 rows 1949
batch 17400 rows 1430
batch 17700 rows 1141
batch 18000 rows 1418
batch 18300 rows 1570
batch 18600 rows 1548
batch 18900 rows 1457
batch 19200 rows 1484
batch 19500 rows 2660
batch 19800 rows 1377
batch 20100 rows 1258
batch 20400 rows 1580
batch 20700 rows 2218
batch 21000 rows 1887
batch 21300 rows 1866
batch 21600 rows 2575
batch 21900 rows 1629
batch 22200 rows 1738
batch 22500 rows 2256
batch 22800 rows 1594
batch 23100 rows 2199
batch 23400 rows 1619
batch 23700 rows 1880
batch 24000 rows 1348
batch 24300 rows 1516
batch 24600 rows 1342
batch 24900 rows 1513
batch 25200 rows 1313
batch 25500 rows 1898
batch 25800 rows 2073
batch 26100 rows 3672
batch 26400 rows 4656
batch 26700 rows 3195
batch 27000 rows 2095
batch 27300 rows 1630
batch 27600 rows 1498
batch 27900 rows 2138
batch 28200 rows 2522
batch 28500 rows 2258
batch 28800 rows 1451
batch 29100 rows 1150
batch 29400 rows 1383
batch 29700 rows 1469
batch 30000 rows 1528
batch 30300 rows 2196
batch 30600 rows 1274
batch 30900 rows 1361
batch 31200 rows 1937
batch 31500 rows 1885
batch 31800 rows 1936
batch 32100 rows 1948
batch 32400 rows 1835
batch 32700 rows 1491
batch 33000 rows 2125
batch 33300 rows 2187
batch 33600 rows 2174
batch 33900 rows 1483
batch 34200 rows 1785
batch 34500 rows 2032
batch 34800 rows 2631
batch 35100 rows 1890
batch 35400 rows 1701
batch 35700 rows 1217
batch 36000 rows 1183
batch 36300 rows 2440
batch 36600 rows 1148
batch 36900 rows 1482
batch 37200 rows 1635
batch 37500 rows 531
